Versão do MSBuild 17.14.40+3e7442088 para .NET Framework

  FFX_Reconstructed.vcxproj -> C:\Users\wande\Documents\ffx-editor-main\ffx_reconstructed\build\Release\FFX_Reconstructed.exe
