> vcvarsall.bat x86 (environment setup)
> "C:\Program Files (x86)\Microsoft Visual Studio 11.0\VC\bin\cl.exe" /c /GS- /O2 /MD /Oy- /Oi /GL inputs/ffx_memcmp.c /Foffx_memcmp.obj
Microsoft (R) C/C++ Optimizing Compiler Version 17.00.50727.1 for x86
Copyright (C) Microsoft Corporation.  All rights reserved.

ffx_memcmp.c

exit_code=0
> "C:\Program Files (x86)\Microsoft Visual Studio 11.0\VC\bin\link.exe" /nologo /LTCG /OUT:ffx_memcmp.exe /MAP:ffx_memcmp.map ffx_memcmp.obj kernel32.lib /SUBSYSTEM:CONSOLE /ENTRY:FFX_memcmp
Generating code
Finished generating code

exit_code=0
> "C:\Program Files (x86)\Microsoft Visual Studio 11.0\VC\bin\dumpbin.exe" /DISASM ffx_memcmp.exe
Microsoft (R) COFF/PE Dumper Version 11.00.50727.1
Copyright (C) Microsoft Corporation.  All rights reserved.


Dump of file ffx_memcmp.exe

File Type: EXECUTABLE IMAGE

  00401000: 55                 push        ebp
  00401001: 8B EC              mov         ebp,esp
  00401003: 8B 4D 10           mov         ecx,dword ptr [ebp+10h]
  00401006: 85 C9              test        ecx,ecx
  00401008: 75 04              jne         0040100E
  0040100A: 33 C0              xor         eax,eax
  0040100C: 5D                 pop         ebp
  0040100D: C3                 ret
  0040100E: 8B 55 08           mov         edx,dword ptr [ebp+8]
  00401011: 56                 push        esi
  00401012: 8B 75 0C           mov         esi,dword ptr [ebp+0Ch]
  00401015: 83 E9 04           sub         ecx,4
  00401018: 72 17              jb          00401031
  0040101A: 8D 9B 00 00 00 00  lea         ebx,[ebx+00000000h]
  00401020: 8B 02              mov         eax,dword ptr [edx]
  00401022: 3B 06              cmp         eax,dword ptr [esi]
  00401024: 75 10              jne         00401036
  00401026: 83 C2 04           add         edx,4
  00401029: 83 C6 04           add         esi,4
  0040102C: 83 E9 04           sub         ecx,4
  0040102F: 73 EF              jae         00401020
  00401031: 83 F9 FC           cmp         ecx,0FFFFFFFCh
  00401034: 74 35              je          0040106B
  00401036: 8A 02              mov         al,byte ptr [edx]
  00401038: 3A 06              cmp         al,byte ptr [esi]
  0040103A: 75 27              jne         00401063
  0040103C: 83 F9 FD           cmp         ecx,0FFFFFFFDh
  0040103F: 74 2A              je          0040106B
  00401041: 8A 42 01           mov         al,byte ptr [edx+1]
  00401044: 3A 46 01           cmp         al,byte ptr [esi+1]
  00401047: 75 1A              jne         00401063
  00401049: 83 F9 FE           cmp         ecx,0FFFFFFFEh
  0040104C: 74 1D              je          0040106B
  0040104E: 8A 42 02           mov         al,byte ptr [edx+2]
  00401051: 3A 46 02           cmp         al,byte ptr [esi+2]
  00401054: 75 0D              jne         00401063
  00401056: 83 F9 FF           cmp         ecx,0FFFFFFFFh
  00401059: 74 10              je          0040106B
  0040105B: 8A 42 03           mov         al,byte ptr [edx+3]
  0040105E: 3A 46 03           cmp         al,byte ptr [esi+3]
  00401061: 74 08              je          0040106B
  00401063: 1B C0              sbb         eax,eax
  00401065: 83 C8 01           or          eax,1
  00401068: 5E                 pop         esi
  00401069: 5D                 pop         ebp
  0040106A: C3                 ret
  0040106B: 33 C0              xor         eax,eax
  0040106D: 5E                 pop         esi
  0040106E: 5D                 pop         ebp
  0040106F: C3                 ret

  Summary

        1000 .text

exit_code=0
